interactions:
- request:
    body: '{"poll": {"hide_totals": false, "multiple": false, "expires_in": 300, "options":
      ["four twenty", "sixty-nine"]}, "status": "nice"}'
    headers:
      Accept: ['*/*']
      Accept-Encoding: ['gzip, deflate']
      Authorization: [Bearer __MASTODON_PY_TEST_ACCESS_TOKEN_2]
      Connection: [keep-alive]
      Content-Length: ['130']
      Content-Type: [application/json]
      User-Agent: [python-requests/2.18.4]
    method: POST
    uri: http://localhost:3000/api/v1/statuses
  response:
    body: {string: '{"id":"103704150669322767","created_at":"2020-02-22T19:29:19.988Z","in_reply_to_id":null,"in_reply_to_account_id":null,"sensitive":false,"spoiler_text":"","visibility":"public","language":"en","uri":"http://localhost/users/admin/statuses/103704150669322767","url":"http://localhost/@admin/103704150669322767","replies_count":0,"reblogs_count":0,"favourites_count":0,"favourited":false,"reblogged":false,"muted":false,"bookmarked":false,"pinned":false,"content":"\u003cp\u003enice\u003c/p\u003e","reblog":null,"application":{"name":"Mastodon.py
        test suite","website":null},"account":{"id":"1","username":"admin","acct":"admin","display_name":"","locked":false,"bot":false,"discoverable":null,"group":false,"created_at":"2020-02-22T19:13:53.944Z","note":"\u003cp\u003e\u003c/p\u003e","url":"http://localhost/@admin","avatar":"http://localhost/avatars/original/missing.png","avatar_static":"http://localhost/avatars/original/missing.png","header":"http://localhost/headers/original/missing.png","header_static":"http://localhost/headers/original/missing.png","followers_count":0,"following_count":0,"statuses_count":1,"last_status_at":"2020-02-22","emojis":[],"fields":[]},"media_attachments":[],"mentions":[],"tags":[],"emojis":[],"card":null,"poll":{"id":"2","expires_at":"2020-02-22T19:34:19.971Z","expired":false,"multiple":false,"votes_count":0,"voters_count":0,"voted":true,"own_votes":[],"options":[{"title":"four
        twenty","votes_count":0},{"title":"sixty-nine","votes_count":0}],"emojis":[]}}'}
    headers:
      Cache-Control: ['no-cache, no-store']
      Content-Type: [application/json; charset=utf-8]
      Referrer-Policy: [strict-origin-when-cross-origin]
      Transfer-Encoding: [chunked]
      Vary: ['Accept-Encoding, Origin']
      X-Content-Type-Options: [nosniff]
      X-Download-Options: [noopen]
      X-Frame-Options: [SAMEORIGIN]
      X-Permitted-Cross-Domain-Policies: [none]
      X-Request-Id: [abfc4ec8-fb95-4035-81bc-81062b1e08b9]
      X-Runtime: ['0.216296']
      X-XSS-Protection: [1; mode=block]
      content-length: ['1496']
    status: {code: 200, message: OK}
- request:
    body: choices%5B%5D=1
    headers:
      Accept: ['*/*']
      Accept-Encoding: ['gzip, deflate']
      Authorization: [Bearer __MASTODON_PY_TEST_ACCESS_TOKEN]
      Connection: [keep-alive]
      Content-Length: ['15']
      Content-Type: [application/x-www-form-urlencoded]
      User-Agent: [python-requests/2.18.4]
    method: POST
    uri: http://localhost:3000/api/v1/polls/2/votes
  response:
    body: {string: '{"id":"2","expires_at":"2020-02-22T19:34:19.971Z","expired":false,"multiple":false,"votes_count":1,"voters_count":1,"voted":true,"own_votes":[1],"options":[{"title":"four
        twenty","votes_count":0},{"title":"sixty-nine","votes_count":1}],"emojis":[]}'}
    headers:
      Cache-Control: ['no-cache, no-store']
      Content-Type: [application/json; charset=utf-8]
      Referrer-Policy: [strict-origin-when-cross-origin]
      Transfer-Encoding: [chunked]
      Vary: ['Accept-Encoding, Origin']
      X-Content-Type-Options: [nosniff]
      X-Download-Options: [noopen]
      X-Frame-Options: [SAMEORIGIN]
      X-Permitted-Cross-Domain-Policies: [none]
      X-Request-Id: [dee72c90-e1cc-4a6e-8e27-14fbda1671af]
      X-Runtime: ['0.086159']
      X-XSS-Protection: [1; mode=block]
      content-length: ['248']
    status: {code: 200, message: OK}
- request:
    body: choices%5B%5D=0
    headers:
      Accept: ['*/*']
      Accept-Encoding: ['gzip, deflate']
      Authorization: [Bearer __MASTODON_PY_TEST_ACCESS_TOKEN]
      Connection: [keep-alive]
      Content-Length: ['15']
      Content-Type: [application/x-www-form-urlencoded]
      User-Agent: [python-requests/2.18.4]
    method: POST
    uri: http://localhost:3000/api/v1/polls/2/votes
  response:
    body: {string: '{"error":"Validation failed: You have already voted on this poll"}'}
    headers:
      Cache-Control: ['no-cache, no-store']
      Content-Type: [application/json; charset=utf-8]
      Referrer-Policy: [strict-origin-when-cross-origin]
      Transfer-Encoding: [chunked]
      Vary: ['Accept-Encoding, Origin']
      X-Content-Type-Options: [nosniff]
      X-Download-Options: [noopen]
      X-Frame-Options: [SAMEORIGIN]
      X-Permitted-Cross-Domain-Policies: [none]
      X-Request-Id: [e88cc93f-74fb-4f40-8e57-f33257935610]
      X-Runtime: ['0.076578']
      X-XSS-Protection: [1; mode=block]
      content-length: ['66']
    status: {code: 422, message: Unprocessable Entity}
version: 1
